O O O add_expense add_expense O add_expense add_expense add_expense O
O O O O add_expense add_expense O add_expense add_expense add_expense O
O O O add_expense add_expense O add_expense add_expense O
O O O add_expense add_expense O add_expense add_expense O
O O O O add_expense add_expense O O add_expense O
O O O O stat_expense O stat_expense stat_expense O
O stat_expense stat_expense stat_expense stat_expense stat_expense O
O O stat_expense stat_expense O O O
O O O O O O stat_expense O stat_expense stat_expense O
O O O O stat_expense stat_expense stat_expense stat_expense O
O O O search_expense search_expense O
O O O O O O O search_expense search_expense O search_expense search_expense O
O O O O search_expense search_expense O
O O O O O search_expense search_expense search_expense search_expense search_expense O
O O O O search_expense search_expense search_expense O
O O O update_expense update_expense update_expense O update_expense update_expense O
O O O O O update_expense O update_expense update_expense O update_expense update_expense O
O O update_expense update_expense O update_expense update_expense O
O O O update_expense update_expense O update_expense update_expense O update_expense update_expense O
O O update_expense update_expense update_expense update_expense O update_expense update_expense O
O O O delete_expense O delete_expense O
O O O delete_expense delete_expense O delete_expense delete_expense O
O O O delete_expense delete_expense delete_expense O
O O delete_expense O delete_expense delete_expense O
O O O delete_expense delete_expense delete_expense O
O O O O add_expense add_expense O add_expense O O stat_expense O stat_expense stat_expense O
O O search_expense search_expense search_expense O O O O O
O O O add_expense add_expense O add_expense O O O O search_expense O
O O update_expense O update_expense update_expense O O O O O stat_expense stat_expense stat_expense O
O O O delete_expense delete_expense delete_expense O O O O search_expense search_expense O O
O O add_expense add_expense O add_expense O O O stat_expense stat_expense stat_expense O
O O update_expense update_expense O update_expense update_expense O O O O O
O O O search_expense search_expense O search_expense O O O O update_expense update_expense O
O O delete_expense delete_expense delete_expense O O O stat_expense O stat_expense O
O O O add_expense add_expense O O add_expense O O O O search_expense search_expense O
O O O add_expense add_expense O add_expense O O O update_expense O update_expense update_expense O O O stat_expense stat_expense stat_expense O
O O delete_expense delete_expense delete_expense delete_expense O O O O add_expense add_expense O O add_expense O O O O search_expense O
O O O add_expense add_expense O add_expense O O O O update_expense update_expense O update_expense update_expense O O O stat_expense stat_expense O
O O O O search_expense O O O O delete_expense delete_expense O O O update_expense update_expense O
O O O O add_expense add_expense O add_expense add_expense O O O stat_expense stat_expense O O update_expense update_expense update_expense update_expense O
O O O add_expense add_expense O add_expense
O O O O add_expense add_expense O add_expense
O O O add_expense add_expense O add_expense add_expense add_expense
add_expense O O O add_expense add_expense add_expense add_expense O O O O O
O O O O add_expense add_expense O add_expense add_expense
O stat_expense stat_expense stat_expense O O O
O O O O O O stat_expense O stat_expense stat_expense O
O O O O stat_expense stat_expense stat_expense
O O O O O O stat_expense O stat_expense O
O O stat_expense O stat_expense stat_expense stat_expense stat_expense stat_expense stat_expense stat_expense
O O O O O search_expense
O O search_expense O O search_expense search_expense
O O O O O search_expense search_expense O search_expense search_expense
O O search_expense search_expense
O O O O search_expense search_expense search_expense search_expense search_expense search_expense search_expense search_expense
O O O update_expense update_expense update_expense O update_expense update_expense
O O update_expense update_expense update_expense O update_expense update_expense
O O O O update_expense update_expense update_expense update_expense update_expense O update_expense update_expense
O O update_expense update_expense O update_expense update_expense
O O update_expense O update_expense update_expense O update_expense update_expense
O O update_expense update_expense update_expense O update_expense update_expense O
O update_expense O update_expense update_expense
O O update_expense update_expense O update_expense update_expense update_expense O update_expense update_expense update_expense update_expense
O O O O update_expense update_expense update_expense O update_expense O update_expense update_expense
O O O O update_expense update_expense O O update_expense update_expense
O O O delete_expense O delete_expense delete_expense delete_expense O
O delete_expense delete_expense O delete_expense
O O O delete_expense delete_expense delete_expense delete_expense
O O O delete_expense O delete_expense delete_expense delete_expense
O O O delete_expense O delete_expense delete_expense delete_expense
O O O search_expense search_expense search_expense O
O O O search_expense search_expense search_expense
O O O search_expense search_expense search_expense
O O O search_expense search_expense search_expense
O O O search_expense
O O stat_expense O stat_expense stat_expense stat_expense stat_expense
stat_expense stat_expense O O O O O stat_expense stat_expense O O
stat_expense stat_expense O O stat_expense
O O O O O stat_expense stat_expense stat_expense O O stat_expense stat_expense
O O O O stat_expense O stat_expense stat_expense
O O add_expense add_expense add_expense add_expense add_expense O O O delete_expense delete_expense O O O O stat_expense stat_expense stat_expense O
O add_expense add_expense O add_expense add_expense add_expense O O O delete_expense delete_expense O O O O stat_expense stat_expense stat_expense
O add_expense add_expense O add_expense O O O delete_expense delete_expense O O O O stat_expense stat_expense stat_expense
O O O O O add_expense add_expense O O add_expense add_expense O O O O delete_expense delete_expense O O O add_expense add_expense add_expense add_expense add_expense O O O stat_expense stat_expense stat_expense
O add_expense add_expense O add_expense O O O delete_expense O O O O stat_expense stat_expense stat_expense
O O O O O add_expense add_expense add_expense add_expense O add_expense add_expense add_expense O
O O add_expense add_expense add_expense add_expense O add_expense add_expense add_expense O
O O O O add_expense add_expense O add_expense add_expense add_expense O
add_expense O O O add_expense add_expense O O add_expense add_expense O O O O
O O O add_expense add_expense add_expense O add_expense add_expense add_expense add_expense O
O O O O delete_expense delete_expense delete_expense delete_expense delete_expense O
O O O delete_expense delete_expense delete_expense O delete_expense delete_expense O
O O O O delete_expense delete_expense delete_expense O
O O O delete_expense delete_expense O delete_expense delete_expense delete_expense delete_expense
O O O delete_expense delete_expense delete_expense delete_expense
O O O update_expense update_expense update_expense O update_expense update_expense
O O O update_expense O update_expense update_expense O O update_expense update_expense
O O O O update_expense update_expense update_expense O update_expense update_expense
O O O update_expense O update_expense update_expense O update_expense update_expense
O O O update_expense update_expense O update_expense update_expense
O stat_expense stat_expense stat_expense O O O
O O O search_expense search_expense search_expense O O O O O O stat_expense stat_expense stat_expense stat_expense
O O O add_expense add_expense add_expense O O O O stat_expense stat_expense stat_expense
O O delete_expense delete_expense O O O O O O O O O O O O stat_expense stat_expense stat_expense O O O
O O stat_expense O O O O O search_expense O O search_expense search_expense search_expense
O O O delete_expense delete_expense delete_expense delete_expense O O O O O add_expense add_expense add_expense add_expense add_expense
add_expense add_expense add_expense O add_expense add_expense add_expense add_expense add_expense O add_expense add_expense add_expense add_expense O add_expense add_expense add_expense add_expense
O O O delete_expense delete_expense delete_expense delete_expense O O O O O add_expense add_expense add_expense add_expense O
O O update_expense update_expense O update_expense update_expense O update_expense update_expense O O O search_expense search_expense O search_expense search_expense
O O O O update_expense update_expense update_expense update_expense O update_expense update_expense O O O search_expense O O search_expense search_expense
O O O O search_expense search_expense O O O add_expense add_expense add_expense O update_expense O update_expense update_expense O update_expense update_expense
O O O add_expense add_expense add_expense add_expense O O O update_expense update_expense update_expense O update_expense update_expense O O O O O search_expense O
O O O O search_expense search_expense search_expense O O O O O update_expense update_expense O update_expense update_expense O O O delete_expense delete_expense delete_expense delete_expense O stat_expense stat_expense O O stat_expense O
add_expense O O add_expense add_expense add_expense add_expense add_expense O O O O delete_expense delete_expense delete_expense delete_expense O delete_expense delete_expense O delete_expense delete_expense O O O stat_expense stat_expense stat_expense stat_expense O O O O search_expense search_expense search_expense search_expense O O O O update_expense update_expense O update_expense update_expense O O update_expense update_expense update_expense update_expense O update_expense update_expense
O O O O update_expense update_expense update_expense update_expense O update_expense O O O O search_expense search_expense search_expense search_expense search_expense O O O O delete_expense O delete_expense delete_expense delete_expense O O O O O O add_expense add_expense O add_expense add_expense add_expense add_expense O O O stat_expense stat_expense stat_expense stat_expense O
